// Jest Snapshot v1, https://goo.gl/fbAQLP

exports[`getConsumedChars /(?:\\d*\\.\\d+|\\d+\\.\\d*)_/ 1`] = `
Object {
  "chars": CharSet (65535) [2e, 30..39, 5f],
  "exact": true,
}
`;

exports[`getConsumedChars /(?:\\p{Lu}\\p{L}*|[A-Z]\\w*)/u 1`] = `
Object {
  "chars": CharSet (1114111) [30..39, 41..5a, 5f, 61..7a, aa, b5, ba, c0..d6, d8..f6, f8..2c1, 2c6..2d1, 2e0..2e4, 2ec, 2ee, 370..374, 376..377, 37a..37d, 37f, 386, 388..38a, 38c, 38e..3a1, 3a3..3f5, 3f7..481, 48a..52f, 531..556, 559, 560..588, 5d0..5ea, 5ef..5f2, 620..64a, 66e..66f, 671..6d3, 6d5, 6e5..6e6, 6ee..6ef, 6fa..6fc, 6ff, 710, 712..72f, 74d..7a5, 7b1, 7ca..7ea, 7f4..7f5, 7fa, 800..815, 81a, 824, 828, 840..858, 860..86a, 870..887, 889..88e, 8a0..8c9, 904..939, 93d, 950, 958..961, 971..980, 985..98c, 98f..990, 993..9a8, 9aa..9b0, 9b2, 9b6..9b9, 9bd, 9ce, 9dc..9dd, 9df..9e1, 9f0..9f1, 9fc, a05..a0a, a0f..a10, a13..a28, a2a..a30, a32..a33, a35..a36, a38..a39, a59..a5c, a5e, a72..a74, a85..a8d, a8f..a91, a93..aa8, aaa..ab0, ab2..ab3, ab5..ab9, abd, ad0, ae0..ae1, af9, b05..b0c, b0f..b10, b13..b28, b2a..b30, b32..b33, b35..b39, b3d, b5c..b5d, b5f..b61, b71, b83, b85..b8a, b8e..b90, b92..b95, b99..b9a, b9c, b9e..b9f, ba3..ba4, ba8..baa, bae..bb9, bd0, c05..c0c, c0e..c10, c12..c28, c2a..c39, c3d, c58..c5a, c5d, c60..c61, c80, c85..c8c, c8e..c90, c92..ca8, caa..cb3, cb5..cb9, cbd, cdd..cde, ce0..ce1, cf1..cf2, d04..d0c, d0e..d10, d12..d3a, d3d, d4e, d54..d56, d5f..d61, d7a..d7f, d85..d96, d9a..db1, db3..dbb, dbd, dc0..dc6, e01..e30, e32..e33, e40..e46, e81..e82, e84, e86..e8a, e8c..ea3, ea5, ea7..eb0, eb2..eb3, ebd, ec0..ec4, ec6, edc..edf, f00, f40..f47, f49..f6c, f88..f8c, 1000..102a, 103f, 1050..1055, 105a..105d, 1061, 1065..1066, 106e..1070, 1075..1081, 108e, 10a0..10c5, 10c7, 10cd, 10d0..10fa, 10fc..1248, 124a..124d, 1250..1256, 1258, 125a..125d, 1260..1288, 128a..128d, 1290..12b0, 12b2..12b5, 12b8..12be, 12c0, 12c2..12c5, 12c8..12d6, 12d8..1310, 1312..1315, 1318..135a, 1380..138f, 13a0..13f5, 13f8..13fd, 1401..166c, 166f..167f, 1681..169a, 16a0..16ea, 16f1..16f8, 1700..1711, 171f..1731, 1740..1751, 1760..176c, 176e..1770, 1780..17b3, 17d7, 17dc, 1820..1878, 1880..1884, 1887..18a8, 18aa, 18b0..18f5, 1900..191e, 1950..196d, 1970..1974, 1980..19ab, 19b0..19c9, 1a00..1a16, 1a20..1a54, 1aa7, 1b05..1b33, 1b45..1b4c, 1b83..1ba0, 1bae..1baf, 1bba..1be5, 1c00..1c23, 1c4d..1c4f, 1c5a..1c7d, 1c80..1c88, 1c90..1cba, 1cbd..1cbf, 1ce9..1cec, 1cee..1cf3, 1cf5..1cf6, 1cfa, 1d00..1dbf, 1e00..1f15, 1f18..1f1d, 1f20..1f45, 1f48..1f4d, 1f50..1f57, 1f59, 1f5b, 1f5d, 1f5f..1f7d, 1f80..1fb4, 1fb6..1fbc, 1fbe, 1fc2..1fc4, 1fc6..1fcc, 1fd0..1fd3, 1fd6..1fdb, 1fe0..1fec, 1ff2..1ff4, 1ff6..1ffc, 2071, 207f, 2090..209c, 2102, 2107, 210a..2113, 2115, 2119..211d, 2124, 2126, 2128, 212a..212d, 212f..2139, 213c..213f, 2145..2149, 214e, 2183..2184, 2c00..2ce4, 2ceb..2cee, 2cf2..2cf3, 2d00..2d25, 2d27, 2d2d, 2d30..2d67, 2d6f, 2d80..2d96, 2da0..2da6, 2da8..2dae, 2db0..2db6, 2db8..2dbe, 2dc0..2dc6, 2dc8..2dce, 2dd0..2dd6, 2dd8..2dde, 2e2f, 3005..3006, 3031..3035, 303b..303c, 3041..3096, 309d..309f, 30a1..30fa, 30fc..30ff, 3105..312f, 3131..318e, 31a0..31bf, 31f0..31ff, 3400..4dbf, 4e00..a48c, a4d0..a4fd, a500..a60c, a610..a61f, a62a..a62b, a640..a66e, a67f..a69d, a6a0..a6e5, a717..a71f, a722..a788, a78b..a7ca, a7d0..a7d1, a7d3, a7d5..a7d9, a7f2..a801, a803..a805, a807..a80a, a80c..a822, a840..a873, a882..a8b3, a8f2..a8f7, a8fb, a8fd..a8fe, a90a..a925, a930..a946, a960..a97c, a984..a9b2, a9cf, a9e0..a9e4, a9e6..a9ef, a9fa..a9fe, aa00..aa28, aa40..aa42, aa44..aa4b, aa60..aa76, aa7a, aa7e..aaaf, aab1, aab5..aab6, aab9..aabd, aac0, aac2, aadb..aadd, aae0..aaea, aaf2..aaf4, ab01..ab06, ab09..ab0e, ab11..ab16, ab20..ab26, ab28..ab2e, ab30..ab5a, ab5c..ab69, ab70..abe2, ac00..d7a3, d7b0..d7c6, d7cb..d7fb, f900..fa6d, fa70..fad9, fb00..fb06, fb13..fb17, fb1d, fb1f..fb28, fb2a..fb36, fb38..fb3c, fb3e, fb40..fb41, fb43..fb44, fb46..fbb1, fbd3..fd3d, fd50..fd8f, fd92..fdc7, fdf0..fdfb, fe70..fe74, fe76..fefc, ff21..ff3a, ff41..ff5a, ff66..ffbe, ffc2..ffc7, ffca..ffcf, ffd2..ffd7, ffda..ffdc, 10000..1000b, 1000d..10026, 10028..1003a, 1003c..1003d, 1003f..1004d, 10050..1005d, 10080..100fa, 10280..1029c, 102a0..102d0, 10300..1031f, 1032d..10340, 10342..10349, 10350..10375, 10380..1039d, 103a0..103c3, 103c8..103cf, 10400..1049d, 104b0..104d3, 104d8..104fb, 10500..10527, 10530..10563, 10570..1057a, 1057c..1058a, 1058c..10592, 10594..10595, 10597..105a1, 105a3..105b1, 105b3..105b9, 105bb..105bc, 10600..10736, 10740..10755, 10760..10767, 10780..10785, 10787..107b0, 107b2..107ba, 10800..10805, 10808, 1080a..10835, 10837..10838, 1083c, 1083f..10855, 10860..10876, 10880..1089e, 108e0..108f2, 108f4..108f5, 10900..10915, 10920..10939, 10980..109b7, 109be..109bf, 10a00, 10a10..10a13, 10a15..10a17, 10a19..10a35, 10a60..10a7c, 10a80..10a9c, 10ac0..10ac7, 10ac9..10ae4, 10b00..10b35, 10b40..10b55, 10b60..10b72, 10b80..10b91, 10c00..10c48, 10c80..10cb2, 10cc0..10cf2, 10d00..10d23, 10e80..10ea9, 10eb0..10eb1, 10f00..10f1c, 10f27, 10f30..10f45, 10f70..10f81, 10fb0..10fc4, 10fe0..10ff6, 11003..11037, 11071..11072, 11075, 11083..110af, 110d0..110e8, 11103..11126, 11144, 11147, 11150..11172, 11176, 11183..111b2, 111c1..111c4, 111da, 111dc, 11200..11211, 11213..1122b, 1123f..11240, 11280..11286, 11288, 1128a..1128d, 1128f..1129d, 1129f..112a8, 112b0..112de, 11305..1130c, 1130f..11310, 11313..11328, 1132a..11330, 11332..11333, 11335..11339, 1133d, 11350, 1135d..11361, 11400..11434, 11447..1144a, 1145f..11461, 11480..114af, 114c4..114c5, 114c7, 11580..115ae, 115d8..115db, 11600..1162f, 11644, 11680..116aa, 116b8, 11700..1171a, 11740..11746, 11800..1182b, 118a0..118df, 118ff..11906, 11909, 1190c..11913, 11915..11916, 11918..1192f, 1193f, 11941, 119a0..119a7, 119aa..119d0, 119e1, 119e3, 11a00, 11a0b..11a32, 11a3a, 11a50, 11a5c..11a89, 11a9d, 11ab0..11af8, 11c00..11c08, 11c0a..11c2e, 11c40, 11c72..11c8f, 11d00..11d06, 11d08..11d09, 11d0b..11d30, 11d46, 11d60..11d65, 11d67..11d68, 11d6a..11d89, 11d98, 11ee0..11ef2, 11f02, 11f04..11f10, 11f12..11f33, 11fb0, 12000..12399, 12480..12543, 12f90..12ff0, 13000..1342f, 13441..13446, 14400..14646, 16800..16a38, 16a40..16a5e, 16a70..16abe, 16ad0..16aed, 16b00..16b2f, 16b40..16b43, 16b63..16b77, 16b7d..16b8f, 16e40..16e7f, 16f00..16f4a, 16f50, 16f93..16f9f, 16fe0..16fe1, 16fe3, 17000..187f7, 18800..18cd5, 18d00..18d08, 1aff0..1aff3, 1aff5..1affb, 1affd..1affe, 1b000..1b122, 1b132, 1b150..1b152, 1b155, 1b164..1b167, 1b170..1b2fb, 1bc00..1bc6a, 1bc70..1bc7c, 1bc80..1bc88, 1bc90..1bc99, 1d400..1d454, 1d456..1d49c, 1d49e..1d49f, 1d4a2, 1d4a5..1d4a6, 1d4a9..1d4ac, 1d4ae..1d4b9, 1d4bb, 1d4bd..1d4c3, 1d4c5..1d505, 1d507..1d50a, 1d50d..1d514, 1d516..1d51c, 1d51e..1d539, 1d53b..1d53e, 1d540..1d544, 1d546, 1d54a..1d550, 1d552..1d6a5, 1d6a8..1d6c0, 1d6c2..1d6da, 1d6dc..1d6fa, 1d6fc..1d714, 1d716..1d734, 1d736..1d74e, 1d750..1d76e, 1d770..1d788, 1d78a..1d7a8, 1d7aa..1d7c2, 1d7c4..1d7cb, 1df00..1df1e, 1df25..1df2a, 1e030..1e06d, 1e100..1e12c, 1e137..1e13d, 1e14e, 1e290..1e2ad, 1e2c0..1e2eb, 1e4d0..1e4eb, 1e7e0..1e7e6, 1e7e8..1e7eb, 1e7ed..1e7ee, 1e7f0..1e7fe, 1e800..1e8c4, 1e900..1e943, 1e94b, 1ee00..1ee03, 1ee05..1ee1f, 1ee21..1ee22, 1ee24, 1ee27, 1ee29..1ee32, 1ee34..1ee37, 1ee39, 1ee3b, 1ee42, 1ee47, 1ee49, 1ee4b, 1ee4d..1ee4f, 1ee51..1ee52, 1ee54, 1ee57, 1ee59, 1ee5b, 1ee5d, 1ee5f, 1ee61..1ee62, 1ee64, 1ee67..1ee6a, 1ee6c..1ee72, 1ee74..1ee77, 1ee79..1ee7c, 1ee7e, 1ee80..1ee89, 1ee8b..1ee9b, 1eea1..1eea3, 1eea5..1eea9, 1eeab..1eebb, 20000..2a6df, 2a700..2b739, 2b740..2b81d, 2b820..2cea1, 2ceb0..2ebe0, 2f800..2fa1d, 30000..3134a, 31350..323af],
  "exact": true,
}
`;

exports[`getConsumedChars /(?:\\p{Lu}\\p{L}*|[A-Z]\\w*):/u 1`] = `
Object {
  "chars": CharSet (1114111) [30..3a, 41..5a, 5f, 61..7a, aa, b5, ba, c0..d6, d8..f6, f8..2c1, 2c6..2d1, 2e0..2e4, 2ec, 2ee, 370..374, 376..377, 37a..37d, 37f, 386, 388..38a, 38c, 38e..3a1, 3a3..3f5, 3f7..481, 48a..52f, 531..556, 559, 560..588, 5d0..5ea, 5ef..5f2, 620..64a, 66e..66f, 671..6d3, 6d5, 6e5..6e6, 6ee..6ef, 6fa..6fc, 6ff, 710, 712..72f, 74d..7a5, 7b1, 7ca..7ea, 7f4..7f5, 7fa, 800..815, 81a, 824, 828, 840..858, 860..86a, 870..887, 889..88e, 8a0..8c9, 904..939, 93d, 950, 958..961, 971..980, 985..98c, 98f..990, 993..9a8, 9aa..9b0, 9b2, 9b6..9b9, 9bd, 9ce, 9dc..9dd, 9df..9e1, 9f0..9f1, 9fc, a05..a0a, a0f..a10, a13..a28, a2a..a30, a32..a33, a35..a36, a38..a39, a59..a5c, a5e, a72..a74, a85..a8d, a8f..a91, a93..aa8, aaa..ab0, ab2..ab3, ab5..ab9, abd, ad0, ae0..ae1, af9, b05..b0c, b0f..b10, b13..b28, b2a..b30, b32..b33, b35..b39, b3d, b5c..b5d, b5f..b61, b71, b83, b85..b8a, b8e..b90, b92..b95, b99..b9a, b9c, b9e..b9f, ba3..ba4, ba8..baa, bae..bb9, bd0, c05..c0c, c0e..c10, c12..c28, c2a..c39, c3d, c58..c5a, c5d, c60..c61, c80, c85..c8c, c8e..c90, c92..ca8, caa..cb3, cb5..cb9, cbd, cdd..cde, ce0..ce1, cf1..cf2, d04..d0c, d0e..d10, d12..d3a, d3d, d4e, d54..d56, d5f..d61, d7a..d7f, d85..d96, d9a..db1, db3..dbb, dbd, dc0..dc6, e01..e30, e32..e33, e40..e46, e81..e82, e84, e86..e8a, e8c..ea3, ea5, ea7..eb0, eb2..eb3, ebd, ec0..ec4, ec6, edc..edf, f00, f40..f47, f49..f6c, f88..f8c, 1000..102a, 103f, 1050..1055, 105a..105d, 1061, 1065..1066, 106e..1070, 1075..1081, 108e, 10a0..10c5, 10c7, 10cd, 10d0..10fa, 10fc..1248, 124a..124d, 1250..1256, 1258, 125a..125d, 1260..1288, 128a..128d, 1290..12b0, 12b2..12b5, 12b8..12be, 12c0, 12c2..12c5, 12c8..12d6, 12d8..1310, 1312..1315, 1318..135a, 1380..138f, 13a0..13f5, 13f8..13fd, 1401..166c, 166f..167f, 1681..169a, 16a0..16ea, 16f1..16f8, 1700..1711, 171f..1731, 1740..1751, 1760..176c, 176e..1770, 1780..17b3, 17d7, 17dc, 1820..1878, 1880..1884, 1887..18a8, 18aa, 18b0..18f5, 1900..191e, 1950..196d, 1970..1974, 1980..19ab, 19b0..19c9, 1a00..1a16, 1a20..1a54, 1aa7, 1b05..1b33, 1b45..1b4c, 1b83..1ba0, 1bae..1baf, 1bba..1be5, 1c00..1c23, 1c4d..1c4f, 1c5a..1c7d, 1c80..1c88, 1c90..1cba, 1cbd..1cbf, 1ce9..1cec, 1cee..1cf3, 1cf5..1cf6, 1cfa, 1d00..1dbf, 1e00..1f15, 1f18..1f1d, 1f20..1f45, 1f48..1f4d, 1f50..1f57, 1f59, 1f5b, 1f5d, 1f5f..1f7d, 1f80..1fb4, 1fb6..1fbc, 1fbe, 1fc2..1fc4, 1fc6..1fcc, 1fd0..1fd3, 1fd6..1fdb, 1fe0..1fec, 1ff2..1ff4, 1ff6..1ffc, 2071, 207f, 2090..209c, 2102, 2107, 210a..2113, 2115, 2119..211d, 2124, 2126, 2128, 212a..212d, 212f..2139, 213c..213f, 2145..2149, 214e, 2183..2184, 2c00..2ce4, 2ceb..2cee, 2cf2..2cf3, 2d00..2d25, 2d27, 2d2d, 2d30..2d67, 2d6f, 2d80..2d96, 2da0..2da6, 2da8..2dae, 2db0..2db6, 2db8..2dbe, 2dc0..2dc6, 2dc8..2dce, 2dd0..2dd6, 2dd8..2dde, 2e2f, 3005..3006, 3031..3035, 303b..303c, 3041..3096, 309d..309f, 30a1..30fa, 30fc..30ff, 3105..312f, 3131..318e, 31a0..31bf, 31f0..31ff, 3400..4dbf, 4e00..a48c, a4d0..a4fd, a500..a60c, a610..a61f, a62a..a62b, a640..a66e, a67f..a69d, a6a0..a6e5, a717..a71f, a722..a788, a78b..a7ca, a7d0..a7d1, a7d3, a7d5..a7d9, a7f2..a801, a803..a805, a807..a80a, a80c..a822, a840..a873, a882..a8b3, a8f2..a8f7, a8fb, a8fd..a8fe, a90a..a925, a930..a946, a960..a97c, a984..a9b2, a9cf, a9e0..a9e4, a9e6..a9ef, a9fa..a9fe, aa00..aa28, aa40..aa42, aa44..aa4b, aa60..aa76, aa7a, aa7e..aaaf, aab1, aab5..aab6, aab9..aabd, aac0, aac2, aadb..aadd, aae0..aaea, aaf2..aaf4, ab01..ab06, ab09..ab0e, ab11..ab16, ab20..ab26, ab28..ab2e, ab30..ab5a, ab5c..ab69, ab70..abe2, ac00..d7a3, d7b0..d7c6, d7cb..d7fb, f900..fa6d, fa70..fad9, fb00..fb06, fb13..fb17, fb1d, fb1f..fb28, fb2a..fb36, fb38..fb3c, fb3e, fb40..fb41, fb43..fb44, fb46..fbb1, fbd3..fd3d, fd50..fd8f, fd92..fdc7, fdf0..fdfb, fe70..fe74, fe76..fefc, ff21..ff3a, ff41..ff5a, ff66..ffbe, ffc2..ffc7, ffca..ffcf, ffd2..ffd7, ffda..ffdc, 10000..1000b, 1000d..10026, 10028..1003a, 1003c..1003d, 1003f..1004d, 10050..1005d, 10080..100fa, 10280..1029c, 102a0..102d0, 10300..1031f, 1032d..10340, 10342..10349, 10350..10375, 10380..1039d, 103a0..103c3, 103c8..103cf, 10400..1049d, 104b0..104d3, 104d8..104fb, 10500..10527, 10530..10563, 10570..1057a, 1057c..1058a, 1058c..10592, 10594..10595, 10597..105a1, 105a3..105b1, 105b3..105b9, 105bb..105bc, 10600..10736, 10740..10755, 10760..10767, 10780..10785, 10787..107b0, 107b2..107ba, 10800..10805, 10808, 1080a..10835, 10837..10838, 1083c, 1083f..10855, 10860..10876, 10880..1089e, 108e0..108f2, 108f4..108f5, 10900..10915, 10920..10939, 10980..109b7, 109be..109bf, 10a00, 10a10..10a13, 10a15..10a17, 10a19..10a35, 10a60..10a7c, 10a80..10a9c, 10ac0..10ac7, 10ac9..10ae4, 10b00..10b35, 10b40..10b55, 10b60..10b72, 10b80..10b91, 10c00..10c48, 10c80..10cb2, 10cc0..10cf2, 10d00..10d23, 10e80..10ea9, 10eb0..10eb1, 10f00..10f1c, 10f27, 10f30..10f45, 10f70..10f81, 10fb0..10fc4, 10fe0..10ff6, 11003..11037, 11071..11072, 11075, 11083..110af, 110d0..110e8, 11103..11126, 11144, 11147, 11150..11172, 11176, 11183..111b2, 111c1..111c4, 111da, 111dc, 11200..11211, 11213..1122b, 1123f..11240, 11280..11286, 11288, 1128a..1128d, 1128f..1129d, 1129f..112a8, 112b0..112de, 11305..1130c, 1130f..11310, 11313..11328, 1132a..11330, 11332..11333, 11335..11339, 1133d, 11350, 1135d..11361, 11400..11434, 11447..1144a, 1145f..11461, 11480..114af, 114c4..114c5, 114c7, 11580..115ae, 115d8..115db, 11600..1162f, 11644, 11680..116aa, 116b8, 11700..1171a, 11740..11746, 11800..1182b, 118a0..118df, 118ff..11906, 11909, 1190c..11913, 11915..11916, 11918..1192f, 1193f, 11941, 119a0..119a7, 119aa..119d0, 119e1, 119e3, 11a00, 11a0b..11a32, 11a3a, 11a50, 11a5c..11a89, 11a9d, 11ab0..11af8, 11c00..11c08, 11c0a..11c2e, 11c40, 11c72..11c8f, 11d00..11d06, 11d08..11d09, 11d0b..11d30, 11d46, 11d60..11d65, 11d67..11d68, 11d6a..11d89, 11d98, 11ee0..11ef2, 11f02, 11f04..11f10, 11f12..11f33, 11fb0, 12000..12399, 12480..12543, 12f90..12ff0, 13000..1342f, 13441..13446, 14400..14646, 16800..16a38, 16a40..16a5e, 16a70..16abe, 16ad0..16aed, 16b00..16b2f, 16b40..16b43, 16b63..16b77, 16b7d..16b8f, 16e40..16e7f, 16f00..16f4a, 16f50, 16f93..16f9f, 16fe0..16fe1, 16fe3, 17000..187f7, 18800..18cd5, 18d00..18d08, 1aff0..1aff3, 1aff5..1affb, 1affd..1affe, 1b000..1b122, 1b132, 1b150..1b152, 1b155, 1b164..1b167, 1b170..1b2fb, 1bc00..1bc6a, 1bc70..1bc7c, 1bc80..1bc88, 1bc90..1bc99, 1d400..1d454, 1d456..1d49c, 1d49e..1d49f, 1d4a2, 1d4a5..1d4a6, 1d4a9..1d4ac, 1d4ae..1d4b9, 1d4bb, 1d4bd..1d4c3, 1d4c5..1d505, 1d507..1d50a, 1d50d..1d514, 1d516..1d51c, 1d51e..1d539, 1d53b..1d53e, 1d540..1d544, 1d546, 1d54a..1d550, 1d552..1d6a5, 1d6a8..1d6c0, 1d6c2..1d6da, 1d6dc..1d6fa, 1d6fc..1d714, 1d716..1d734, 1d736..1d74e, 1d750..1d76e, 1d770..1d788, 1d78a..1d7a8, 1d7aa..1d7c2, 1d7c4..1d7cb, 1df00..1df1e, 1df25..1df2a, 1e030..1e06d, 1e100..1e12c, 1e137..1e13d, 1e14e, 1e290..1e2ad, 1e2c0..1e2eb, 1e4d0..1e4eb, 1e7e0..1e7e6, 1e7e8..1e7eb, 1e7ed..1e7ee, 1e7f0..1e7fe, 1e800..1e8c4, 1e900..1e943, 1e94b, 1ee00..1ee03, 1ee05..1ee1f, 1ee21..1ee22, 1ee24, 1ee27, 1ee29..1ee32, 1ee34..1ee37, 1ee39, 1ee3b, 1ee42, 1ee47, 1ee49, 1ee4b, 1ee4d..1ee4f, 1ee51..1ee52, 1ee54, 1ee57, 1ee59, 1ee5b, 1ee5d, 1ee5f, 1ee61..1ee62, 1ee64, 1ee67..1ee6a, 1ee6c..1ee72, 1ee74..1ee77, 1ee79..1ee7c, 1ee7e, 1ee80..1ee89, 1ee8b..1ee9b, 1eea1..1eea3, 1eea5..1eea9, 1eeab..1eebb, 20000..2a6df, 2a700..2b739, 2b740..2b81d, 2b820..2cea1, 2ceb0..2ebe0, 2f800..2fa1d, 30000..3134a, 31350..323af],
  "exact": true,
}
`;

exports[`getConsumedChars /(?:\\w+|\\d+)\\b/ 1`] = `
Object {
  "chars": CharSet (65535) [30..39, 41..5a, 5f, 61..7a],
  "exact": false,
}
`;

exports[`getConsumedChars /(?:a+b|a+c|a+d)\\b/ 1`] = `
Object {
  "chars": CharSet (65535) [61..64],
  "exact": false,
}
`;

exports[`getConsumedChars /(?:ac?|\\wb?)a/ 1`] = `
Object {
  "chars": CharSet (65535) [30..39, 41..5a, 5f, 61..7a],
  "exact": true,
}
`;

exports[`getConsumedChars /(?:js|jso?n?)$/ 1`] = `
Object {
  "chars": CharSet (65535) [6a, 6e..6f, 73],
  "exact": false,
}
`;

exports[`getConsumedChars /(?:js|json)$/ 1`] = `
Object {
  "chars": CharSet (65535) [6a, 6e..6f, 73],
  "exact": false,
}
`;

exports[`getConsumedChars /(?:js|json)abc/ 1`] = `
Object {
  "chars": CharSet (65535) [61..63, 6a, 6e..6f, 73],
  "exact": true,
}
`;

exports[`getConsumedChars /(?:script|source)_foo|sample/ 1`] = `
Object {
  "chars": CharSet (65535) [5f, 61, 63, 65..66, 69, 6c..6d, 6f..70, 72..75],
  "exact": true,
}
`;

exports[`getConsumedChars /(?:yml|ya?ml)$/ 1`] = `
Object {
  "chars": CharSet (65535) [61, 6c..6d, 79],
  "exact": false,
}
`;

exports[`getConsumedChars /(?:yml|ya?ml)/ 1`] = `
Object {
  "chars": CharSet (65535) [61, 6c..6d, 79],
  "exact": true,
}
`;

exports[`getConsumedChars /(abc)(?:foo|bar|\\1)/ 1`] = `
Object {
  "chars": CharSet (65535) [61..63, 66, 6f, 72],
  "exact": false,
}
`;

exports[`getConsumedChars /(int|integer)\\b/ 1`] = `
Object {
  "chars": CharSet (65535) [65, 67, 69, 6e, 72, 74],
  "exact": false,
}
`;

exports[`getConsumedChars /<("[^"]*"|'[^']*'|[^'">])*>/ 1`] = `
Object {
  "chars": CharSet (65535) [0..ffff],
  "exact": true,
}
`;

exports[`getConsumedChars />>=?|<<=?|->|--|\\+\\+|&&|\\|\\||[?:~]|<=>|[-+*/%&|^!=<>]=?|\\b(?:and|and_eq|bitand|bitor|not|not_eq|or|or_eq|xor|xor_eq)\\b/ 1`] = `
Object {
  "chars": CharSet (65535) [21, 25..26, 2a..2b, 2d, 2f, 3a, 3c..3f, 5e..5f, 61..62, 64..65, 69, 6e..6f, 71..72, 74, 78, 7c, 7e],
  "exact": false,
}
`;

exports[`getConsumedChars /\\b(a|b|aa|\\w|\\d)\\b/ 1`] = `
Object {
  "chars": CharSet (65535) [30..39, 41..5a, 5f, 61..7a],
  "exact": false,
}
`;

exports[`getConsumedChars /\\bcircle|ellipse|closest|farthest|contain|cover\\b/ 1`] = `
Object {
  "chars": CharSet (65535) [61, 63, 65..66, 68..69, 6c, 6e..70, 72..74, 76],
  "exact": false,
}
`;

exports[`getConsumedChars /\\d*\\.\\d+_|\\d+\\.\\d*_/ 1`] = `
Object {
  "chars": CharSet (65535) [2e, 30..39, 5f],
  "exact": true,
}
`;

exports[`getConsumedChars /\\d*\\.\\d+|\\d+\\.\\d*/ 1`] = `
Object {
  "chars": CharSet (65535) [2e, 30..39],
  "exact": true,
}
`;

exports[`getConsumedChars /\\p{L}|[a-z]|\\d+/iu 1`] = `
Object {
  "chars": CharSet (1114111) [30..39, 41..5a, 61..7a, aa, b5, ba, c0..d6, d8..f6, f8..2c1, 2c6..2d1, 2e0..2e4, 2ec, 2ee, 345, 370..374, 376..377, 37a..37d, 37f, 386, 388..38a, 38c, 38e..3a1, 3a3..3f5, 3f7..481, 48a..52f, 531..556, 559, 560..588, 5d0..5ea, 5ef..5f2, 620..64a, 66e..66f, 671..6d3, 6d5, 6e5..6e6, 6ee..6ef, 6fa..6fc, 6ff, 710, 712..72f, 74d..7a5, 7b1, 7ca..7ea, 7f4..7f5, 7fa, 800..815, 81a, 824, 828, 840..858, 860..86a, 870..887, 889..88e, 8a0..8c9, 904..939, 93d, 950, 958..961, 971..980, 985..98c, 98f..990, 993..9a8, 9aa..9b0, 9b2, 9b6..9b9, 9bd, 9ce, 9dc..9dd, 9df..9e1, 9f0..9f1, 9fc, a05..a0a, a0f..a10, a13..a28, a2a..a30, a32..a33, a35..a36, a38..a39, a59..a5c, a5e, a72..a74, a85..a8d, a8f..a91, a93..aa8, aaa..ab0, ab2..ab3, ab5..ab9, abd, ad0, ae0..ae1, af9, b05..b0c, b0f..b10, b13..b28, b2a..b30, b32..b33, b35..b39, b3d, b5c..b5d, b5f..b61, b71, b83, b85..b8a, b8e..b90, b92..b95, b99..b9a, b9c, b9e..b9f, ba3..ba4, ba8..baa, bae..bb9, bd0, c05..c0c, c0e..c10, c12..c28, c2a..c39, c3d, c58..c5a, c5d, c60..c61, c80, c85..c8c, c8e..c90, c92..ca8, caa..cb3, cb5..cb9, cbd, cdd..cde, ce0..ce1, cf1..cf2, d04..d0c, d0e..d10, d12..d3a, d3d, d4e, d54..d56, d5f..d61, d7a..d7f, d85..d96, d9a..db1, db3..dbb, dbd, dc0..dc6, e01..e30, e32..e33, e40..e46, e81..e82, e84, e86..e8a, e8c..ea3, ea5, ea7..eb0, eb2..eb3, ebd, ec0..ec4, ec6, edc..edf, f00, f40..f47, f49..f6c, f88..f8c, 1000..102a, 103f, 1050..1055, 105a..105d, 1061, 1065..1066, 106e..1070, 1075..1081, 108e, 10a0..10c5, 10c7, 10cd, 10d0..10fa, 10fc..1248, 124a..124d, 1250..1256, 1258, 125a..125d, 1260..1288, 128a..128d, 1290..12b0, 12b2..12b5, 12b8..12be, 12c0, 12c2..12c5, 12c8..12d6, 12d8..1310, 1312..1315, 1318..135a, 1380..138f, 13a0..13f5, 13f8..13fd, 1401..166c, 166f..167f, 1681..169a, 16a0..16ea, 16f1..16f8, 1700..1711, 171f..1731, 1740..1751, 1760..176c, 176e..1770, 1780..17b3, 17d7, 17dc, 1820..1878, 1880..1884, 1887..18a8, 18aa, 18b0..18f5, 1900..191e, 1950..196d, 1970..1974, 1980..19ab, 19b0..19c9, 1a00..1a16, 1a20..1a54, 1aa7, 1b05..1b33, 1b45..1b4c, 1b83..1ba0, 1bae..1baf, 1bba..1be5, 1c00..1c23, 1c4d..1c4f, 1c5a..1c7d, 1c80..1c88, 1c90..1cba, 1cbd..1cbf, 1ce9..1cec, 1cee..1cf3, 1cf5..1cf6, 1cfa, 1d00..1dbf, 1e00..1f15, 1f18..1f1d, 1f20..1f45, 1f48..1f4d, 1f50..1f57, 1f59, 1f5b, 1f5d, 1f5f..1f7d, 1f80..1fb4, 1fb6..1fbc, 1fbe, 1fc2..1fc4, 1fc6..1fcc, 1fd0..1fd3, 1fd6..1fdb, 1fe0..1fec, 1ff2..1ff4, 1ff6..1ffc, 2071, 207f, 2090..209c, 2102, 2107, 210a..2113, 2115, 2119..211d, 2124, 2126, 2128, 212a..212d, 212f..2139, 213c..213f, 2145..2149, 214e, 2183..2184, 2c00..2ce4, 2ceb..2cee, 2cf2..2cf3, 2d00..2d25, 2d27, 2d2d, 2d30..2d67, 2d6f, 2d80..2d96, 2da0..2da6, 2da8..2dae, 2db0..2db6, 2db8..2dbe, 2dc0..2dc6, 2dc8..2dce, 2dd0..2dd6, 2dd8..2dde, 2e2f, 3005..3006, 3031..3035, 303b..303c, 3041..3096, 309d..309f, 30a1..30fa, 30fc..30ff, 3105..312f, 3131..318e, 31a0..31bf, 31f0..31ff, 3400..4dbf, 4e00..a48c, a4d0..a4fd, a500..a60c, a610..a61f, a62a..a62b, a640..a66e, a67f..a69d, a6a0..a6e5, a717..a71f, a722..a788, a78b..a7ca, a7d0..a7d1, a7d3, a7d5..a7d9, a7f2..a801, a803..a805, a807..a80a, a80c..a822, a840..a873, a882..a8b3, a8f2..a8f7, a8fb, a8fd..a8fe, a90a..a925, a930..a946, a960..a97c, a984..a9b2, a9cf, a9e0..a9e4, a9e6..a9ef, a9fa..a9fe, aa00..aa28, aa40..aa42, aa44..aa4b, aa60..aa76, aa7a, aa7e..aaaf, aab1, aab5..aab6, aab9..aabd, aac0, aac2, aadb..aadd, aae0..aaea, aaf2..aaf4, ab01..ab06, ab09..ab0e, ab11..ab16, ab20..ab26, ab28..ab2e, ab30..ab5a, ab5c..ab69, ab70..abe2, ac00..d7a3, d7b0..d7c6, d7cb..d7fb, f900..fa6d, fa70..fad9, fb00..fb06, fb13..fb17, fb1d, fb1f..fb28, fb2a..fb36, fb38..fb3c, fb3e, fb40..fb41, fb43..fb44, fb46..fbb1, fbd3..fd3d, fd50..fd8f, fd92..fdc7, fdf0..fdfb, fe70..fe74, fe76..fefc, ff21..ff3a, ff41..ff5a, ff66..ffbe, ffc2..ffc7, ffca..ffcf, ffd2..ffd7, ffda..ffdc, 10000..1000b, 1000d..10026, 10028..1003a, 1003c..1003d, 1003f..1004d, 10050..1005d, 10080..100fa, 10280..1029c, 102a0..102d0, 10300..1031f, 1032d..10340, 10342..10349, 10350..10375, 10380..1039d, 103a0..103c3, 103c8..103cf, 10400..1049d, 104b0..104d3, 104d8..104fb, 10500..10527, 10530..10563, 10570..1057a, 1057c..1058a, 1058c..10592, 10594..10595, 10597..105a1, 105a3..105b1, 105b3..105b9, 105bb..105bc, 10600..10736, 10740..10755, 10760..10767, 10780..10785, 10787..107b0, 107b2..107ba, 10800..10805, 10808, 1080a..10835, 10837..10838, 1083c, 1083f..10855, 10860..10876, 10880..1089e, 108e0..108f2, 108f4..108f5, 10900..10915, 10920..10939, 10980..109b7, 109be..109bf, 10a00, 10a10..10a13, 10a15..10a17, 10a19..10a35, 10a60..10a7c, 10a80..10a9c, 10ac0..10ac7, 10ac9..10ae4, 10b00..10b35, 10b40..10b55, 10b60..10b72, 10b80..10b91, 10c00..10c48, 10c80..10cb2, 10cc0..10cf2, 10d00..10d23, 10e80..10ea9, 10eb0..10eb1, 10f00..10f1c, 10f27, 10f30..10f45, 10f70..10f81, 10fb0..10fc4, 10fe0..10ff6, 11003..11037, 11071..11072, 11075, 11083..110af, 110d0..110e8, 11103..11126, 11144, 11147, 11150..11172, 11176, 11183..111b2, 111c1..111c4, 111da, 111dc, 11200..11211, 11213..1122b, 1123f..11240, 11280..11286, 11288, 1128a..1128d, 1128f..1129d, 1129f..112a8, 112b0..112de, 11305..1130c, 1130f..11310, 11313..11328, 1132a..11330, 11332..11333, 11335..11339, 1133d, 11350, 1135d..11361, 11400..11434, 11447..1144a, 1145f..11461, 11480..114af, 114c4..114c5, 114c7, 11580..115ae, 115d8..115db, 11600..1162f, 11644, 11680..116aa, 116b8, 11700..1171a, 11740..11746, 11800..1182b, 118a0..118df, 118ff..11906, 11909, 1190c..11913, 11915..11916, 11918..1192f, 1193f, 11941, 119a0..119a7, 119aa..119d0, 119e1, 119e3, 11a00, 11a0b..11a32, 11a3a, 11a50, 11a5c..11a89, 11a9d, 11ab0..11af8, 11c00..11c08, 11c0a..11c2e, 11c40, 11c72..11c8f, 11d00..11d06, 11d08..11d09, 11d0b..11d30, 11d46, 11d60..11d65, 11d67..11d68, 11d6a..11d89, 11d98, 11ee0..11ef2, 11f02, 11f04..11f10, 11f12..11f33, 11fb0, 12000..12399, 12480..12543, 12f90..12ff0, 13000..1342f, 13441..13446, 14400..14646, 16800..16a38, 16a40..16a5e, 16a70..16abe, 16ad0..16aed, 16b00..16b2f, 16b40..16b43, 16b63..16b77, 16b7d..16b8f, 16e40..16e7f, 16f00..16f4a, 16f50, 16f93..16f9f, 16fe0..16fe1, 16fe3, 17000..187f7, 18800..18cd5, 18d00..18d08, 1aff0..1aff3, 1aff5..1affb, 1affd..1affe, 1b000..1b122, 1b132, 1b150..1b152, 1b155, 1b164..1b167, 1b170..1b2fb, 1bc00..1bc6a, 1bc70..1bc7c, 1bc80..1bc88, 1bc90..1bc99, 1d400..1d454, 1d456..1d49c, 1d49e..1d49f, 1d4a2, 1d4a5..1d4a6, 1d4a9..1d4ac, 1d4ae..1d4b9, 1d4bb, 1d4bd..1d4c3, 1d4c5..1d505, 1d507..1d50a, 1d50d..1d514, 1d516..1d51c, 1d51e..1d539, 1d53b..1d53e, 1d540..1d544, 1d546, 1d54a..1d550, 1d552..1d6a5, 1d6a8..1d6c0, 1d6c2..1d6da, 1d6dc..1d6fa, 1d6fc..1d714, 1d716..1d734, 1d736..1d74e, 1d750..1d76e, 1d770..1d788, 1d78a..1d7a8, 1d7aa..1d7c2, 1d7c4..1d7cb, 1df00..1df1e, 1df25..1df2a, 1e030..1e06d, 1e100..1e12c, 1e137..1e13d, 1e14e, 1e290..1e2ad, 1e2c0..1e2eb, 1e4d0..1e4eb, 1e7e0..1e7e6, 1e7e8..1e7eb, 1e7ed..1e7ee, 1e7f0..1e7fe, 1e800..1e8c4, 1e900..1e943, 1e94b, 1ee00..1ee03, 1ee05..1ee1f, 1ee21..1ee22, 1ee24, 1ee27, 1ee29..1ee32, 1ee34..1ee37, 1ee39, 1ee3b, 1ee42, 1ee47, 1ee49, 1ee4b, 1ee4d..1ee4f, 1ee51..1ee52, 1ee54, 1ee57, 1ee59, 1ee5b, 1ee5d, 1ee5f, 1ee61..1ee62, 1ee64, 1ee67..1ee6a, 1ee6c..1ee72, 1ee74..1ee77, 1ee79..1ee7c, 1ee7e, 1ee80..1ee89, 1ee8b..1ee9b, 1eea1..1eea3, 1eea5..1eea9, 1eeab..1eebb, 20000..2a6df, 2a700..2b739, 2b740..2b81d, 2b820..2cea1, 2ceb0..2ebe0, 2f800..2fa1d, 30000..3134a, 31350..323af],
  "exact": true,
}
`;

exports[`getConsumedChars /\\p{L}|[a-z]|\\d+/u 1`] = `
Object {
  "chars": CharSet (1114111) [30..39, 41..5a, 61..7a, aa, b5, ba, c0..d6, d8..f6, f8..2c1, 2c6..2d1, 2e0..2e4, 2ec, 2ee, 370..374, 376..377, 37a..37d, 37f, 386, 388..38a, 38c, 38e..3a1, 3a3..3f5, 3f7..481, 48a..52f, 531..556, 559, 560..588, 5d0..5ea, 5ef..5f2, 620..64a, 66e..66f, 671..6d3, 6d5, 6e5..6e6, 6ee..6ef, 6fa..6fc, 6ff, 710, 712..72f, 74d..7a5, 7b1, 7ca..7ea, 7f4..7f5, 7fa, 800..815, 81a, 824, 828, 840..858, 860..86a, 870..887, 889..88e, 8a0..8c9, 904..939, 93d, 950, 958..961, 971..980, 985..98c, 98f..990, 993..9a8, 9aa..9b0, 9b2, 9b6..9b9, 9bd, 9ce, 9dc..9dd, 9df..9e1, 9f0..9f1, 9fc, a05..a0a, a0f..a10, a13..a28, a2a..a30, a32..a33, a35..a36, a38..a39, a59..a5c, a5e, a72..a74, a85..a8d, a8f..a91, a93..aa8, aaa..ab0, ab2..ab3, ab5..ab9, abd, ad0, ae0..ae1, af9, b05..b0c, b0f..b10, b13..b28, b2a..b30, b32..b33, b35..b39, b3d, b5c..b5d, b5f..b61, b71, b83, b85..b8a, b8e..b90, b92..b95, b99..b9a, b9c, b9e..b9f, ba3..ba4, ba8..baa, bae..bb9, bd0, c05..c0c, c0e..c10, c12..c28, c2a..c39, c3d, c58..c5a, c5d, c60..c61, c80, c85..c8c, c8e..c90, c92..ca8, caa..cb3, cb5..cb9, cbd, cdd..cde, ce0..ce1, cf1..cf2, d04..d0c, d0e..d10, d12..d3a, d3d, d4e, d54..d56, d5f..d61, d7a..d7f, d85..d96, d9a..db1, db3..dbb, dbd, dc0..dc6, e01..e30, e32..e33, e40..e46, e81..e82, e84, e86..e8a, e8c..ea3, ea5, ea7..eb0, eb2..eb3, ebd, ec0..ec4, ec6, edc..edf, f00, f40..f47, f49..f6c, f88..f8c, 1000..102a, 103f, 1050..1055, 105a..105d, 1061, 1065..1066, 106e..1070, 1075..1081, 108e, 10a0..10c5, 10c7, 10cd, 10d0..10fa, 10fc..1248, 124a..124d, 1250..1256, 1258, 125a..125d, 1260..1288, 128a..128d, 1290..12b0, 12b2..12b5, 12b8..12be, 12c0, 12c2..12c5, 12c8..12d6, 12d8..1310, 1312..1315, 1318..135a, 1380..138f, 13a0..13f5, 13f8..13fd, 1401..166c, 166f..167f, 1681..169a, 16a0..16ea, 16f1..16f8, 1700..1711, 171f..1731, 1740..1751, 1760..176c, 176e..1770, 1780..17b3, 17d7, 17dc, 1820..1878, 1880..1884, 1887..18a8, 18aa, 18b0..18f5, 1900..191e, 1950..196d, 1970..1974, 1980..19ab, 19b0..19c9, 1a00..1a16, 1a20..1a54, 1aa7, 1b05..1b33, 1b45..1b4c, 1b83..1ba0, 1bae..1baf, 1bba..1be5, 1c00..1c23, 1c4d..1c4f, 1c5a..1c7d, 1c80..1c88, 1c90..1cba, 1cbd..1cbf, 1ce9..1cec, 1cee..1cf3, 1cf5..1cf6, 1cfa, 1d00..1dbf, 1e00..1f15, 1f18..1f1d, 1f20..1f45, 1f48..1f4d, 1f50..1f57, 1f59, 1f5b, 1f5d, 1f5f..1f7d, 1f80..1fb4, 1fb6..1fbc, 1fbe, 1fc2..1fc4, 1fc6..1fcc, 1fd0..1fd3, 1fd6..1fdb, 1fe0..1fec, 1ff2..1ff4, 1ff6..1ffc, 2071, 207f, 2090..209c, 2102, 2107, 210a..2113, 2115, 2119..211d, 2124, 2126, 2128, 212a..212d, 212f..2139, 213c..213f, 2145..2149, 214e, 2183..2184, 2c00..2ce4, 2ceb..2cee, 2cf2..2cf3, 2d00..2d25, 2d27, 2d2d, 2d30..2d67, 2d6f, 2d80..2d96, 2da0..2da6, 2da8..2dae, 2db0..2db6, 2db8..2dbe, 2dc0..2dc6, 2dc8..2dce, 2dd0..2dd6, 2dd8..2dde, 2e2f, 3005..3006, 3031..3035, 303b..303c, 3041..3096, 309d..309f, 30a1..30fa, 30fc..30ff, 3105..312f, 3131..318e, 31a0..31bf, 31f0..31ff, 3400..4dbf, 4e00..a48c, a4d0..a4fd, a500..a60c, a610..a61f, a62a..a62b, a640..a66e, a67f..a69d, a6a0..a6e5, a717..a71f, a722..a788, a78b..a7ca, a7d0..a7d1, a7d3, a7d5..a7d9, a7f2..a801, a803..a805, a807..a80a, a80c..a822, a840..a873, a882..a8b3, a8f2..a8f7, a8fb, a8fd..a8fe, a90a..a925, a930..a946, a960..a97c, a984..a9b2, a9cf, a9e0..a9e4, a9e6..a9ef, a9fa..a9fe, aa00..aa28, aa40..aa42, aa44..aa4b, aa60..aa76, aa7a, aa7e..aaaf, aab1, aab5..aab6, aab9..aabd, aac0, aac2, aadb..aadd, aae0..aaea, aaf2..aaf4, ab01..ab06, ab09..ab0e, ab11..ab16, ab20..ab26, ab28..ab2e, ab30..ab5a, ab5c..ab69, ab70..abe2, ac00..d7a3, d7b0..d7c6, d7cb..d7fb, f900..fa6d, fa70..fad9, fb00..fb06, fb13..fb17, fb1d, fb1f..fb28, fb2a..fb36, fb38..fb3c, fb3e, fb40..fb41, fb43..fb44, fb46..fbb1, fbd3..fd3d, fd50..fd8f, fd92..fdc7, fdf0..fdfb, fe70..fe74, fe76..fefc, ff21..ff3a, ff41..ff5a, ff66..ffbe, ffc2..ffc7, ffca..ffcf, ffd2..ffd7, ffda..ffdc, 10000..1000b, 1000d..10026, 10028..1003a, 1003c..1003d, 1003f..1004d, 10050..1005d, 10080..100fa, 10280..1029c, 102a0..102d0, 10300..1031f, 1032d..10340, 10342..10349, 10350..10375, 10380..1039d, 103a0..103c3, 103c8..103cf, 10400..1049d, 104b0..104d3, 104d8..104fb, 10500..10527, 10530..10563, 10570..1057a, 1057c..1058a, 1058c..10592, 10594..10595, 10597..105a1, 105a3..105b1, 105b3..105b9, 105bb..105bc, 10600..10736, 10740..10755, 10760..10767, 10780..10785, 10787..107b0, 107b2..107ba, 10800..10805, 10808, 1080a..10835, 10837..10838, 1083c, 1083f..10855, 10860..10876, 10880..1089e, 108e0..108f2, 108f4..108f5, 10900..10915, 10920..10939, 10980..109b7, 109be..109bf, 10a00, 10a10..10a13, 10a15..10a17, 10a19..10a35, 10a60..10a7c, 10a80..10a9c, 10ac0..10ac7, 10ac9..10ae4, 10b00..10b35, 10b40..10b55, 10b60..10b72, 10b80..10b91, 10c00..10c48, 10c80..10cb2, 10cc0..10cf2, 10d00..10d23, 10e80..10ea9, 10eb0..10eb1, 10f00..10f1c, 10f27, 10f30..10f45, 10f70..10f81, 10fb0..10fc4, 10fe0..10ff6, 11003..11037, 11071..11072, 11075, 11083..110af, 110d0..110e8, 11103..11126, 11144, 11147, 11150..11172, 11176, 11183..111b2, 111c1..111c4, 111da, 111dc, 11200..11211, 11213..1122b, 1123f..11240, 11280..11286, 11288, 1128a..1128d, 1128f..1129d, 1129f..112a8, 112b0..112de, 11305..1130c, 1130f..11310, 11313..11328, 1132a..11330, 11332..11333, 11335..11339, 1133d, 11350, 1135d..11361, 11400..11434, 11447..1144a, 1145f..11461, 11480..114af, 114c4..114c5, 114c7, 11580..115ae, 115d8..115db, 11600..1162f, 11644, 11680..116aa, 116b8, 11700..1171a, 11740..11746, 11800..1182b, 118a0..118df, 118ff..11906, 11909, 1190c..11913, 11915..11916, 11918..1192f, 1193f, 11941, 119a0..119a7, 119aa..119d0, 119e1, 119e3, 11a00, 11a0b..11a32, 11a3a, 11a50, 11a5c..11a89, 11a9d, 11ab0..11af8, 11c00..11c08, 11c0a..11c2e, 11c40, 11c72..11c8f, 11d00..11d06, 11d08..11d09, 11d0b..11d30, 11d46, 11d60..11d65, 11d67..11d68, 11d6a..11d89, 11d98, 11ee0..11ef2, 11f02, 11f04..11f10, 11f12..11f33, 11fb0, 12000..12399, 12480..12543, 12f90..12ff0, 13000..1342f, 13441..13446, 14400..14646, 16800..16a38, 16a40..16a5e, 16a70..16abe, 16ad0..16aed, 16b00..16b2f, 16b40..16b43, 16b63..16b77, 16b7d..16b8f, 16e40..16e7f, 16f00..16f4a, 16f50, 16f93..16f9f, 16fe0..16fe1, 16fe3, 17000..187f7, 18800..18cd5, 18d00..18d08, 1aff0..1aff3, 1aff5..1affb, 1affd..1affe, 1b000..1b122, 1b132, 1b150..1b152, 1b155, 1b164..1b167, 1b170..1b2fb, 1bc00..1bc6a, 1bc70..1bc7c, 1bc80..1bc88, 1bc90..1bc99, 1d400..1d454, 1d456..1d49c, 1d49e..1d49f, 1d4a2, 1d4a5..1d4a6, 1d4a9..1d4ac, 1d4ae..1d4b9, 1d4bb, 1d4bd..1d4c3, 1d4c5..1d505, 1d507..1d50a, 1d50d..1d514, 1d516..1d51c, 1d51e..1d539, 1d53b..1d53e, 1d540..1d544, 1d546, 1d54a..1d550, 1d552..1d6a5, 1d6a8..1d6c0, 1d6c2..1d6da, 1d6dc..1d6fa, 1d6fc..1d714, 1d716..1d734, 1d736..1d74e, 1d750..1d76e, 1d770..1d788, 1d78a..1d7a8, 1d7aa..1d7c2, 1d7c4..1d7cb, 1df00..1df1e, 1df25..1df2a, 1e030..1e06d, 1e100..1e12c, 1e137..1e13d, 1e14e, 1e290..1e2ad, 1e2c0..1e2eb, 1e4d0..1e4eb, 1e7e0..1e7e6, 1e7e8..1e7eb, 1e7ed..1e7ee, 1e7f0..1e7fe, 1e800..1e8c4, 1e900..1e943, 1e94b, 1ee00..1ee03, 1ee05..1ee1f, 1ee21..1ee22, 1ee24, 1ee27, 1ee29..1ee32, 1ee34..1ee37, 1ee39, 1ee3b, 1ee42, 1ee47, 1ee49, 1ee4b, 1ee4d..1ee4f, 1ee51..1ee52, 1ee54, 1ee57, 1ee59, 1ee5b, 1ee5d, 1ee5f, 1ee61..1ee62, 1ee64, 1ee67..1ee6a, 1ee6c..1ee72, 1ee74..1ee77, 1ee79..1ee7c, 1ee7e, 1ee80..1ee89, 1ee8b..1ee9b, 1eea1..1eea3, 1eea5..1eea9, 1eeab..1eebb, 20000..2a6df, 2a700..2b739, 2b740..2b81d, 2b820..2cea1, 2ceb0..2ebe0, 2f800..2fa1d, 30000..3134a, 31350..323af],
  "exact": true,
}
`;

exports[`getConsumedChars /\\w|abc|123|_|[A-Z]|\\$| / 1`] = `
Object {
  "chars": CharSet (65535) [20, 24, 30..39, 41..5a, 5f, 61..7a],
  "exact": true,
}
`;

exports[`getConsumedChars /0|(1)|2|(3)/ 1`] = `
Object {
  "chars": CharSet (65535) [30..33],
  "exact": true,
}
`;

exports[`getConsumedChars /0|(1)|2|3/ 1`] = `
Object {
  "chars": CharSet (65535) [30..33],
  "exact": true,
}
`;

exports[`getConsumedChars /0|0|1|1|2|3|44/ 1`] = `
Object {
  "chars": CharSet (65535) [30..34],
  "exact": true,
}
`;

exports[`getConsumedChars /0|1|2|3/ 1`] = `
Object {
  "chars": CharSet (65535) [30..33],
  "exact": true,
}
`;

exports[`getConsumedChars /A+_|A*_/ 1`] = `
Object {
  "chars": CharSet (65535) [41, 5f],
  "exact": true,
}
`;

exports[`getConsumedChars /FOO|foo(?:bar)?/i 1`] = `
Object {
  "chars": CharSet (65535) [41..42, 46, 4f, 52, 61..62, 66, 6f, 72],
  "exact": true,
}
`;

exports[`getConsumedChars /a.*b|b.*b|b.*a/ 1`] = `
Object {
  "chars": CharSet (65535) [0..9, b..c, e..2027, 202a..ffff],
  "exact": true,
}
`;

exports[`getConsumedChars /a.*b|b.*b|c.*a/ 1`] = `
Object {
  "chars": CharSet (65535) [0..9, b..c, e..2027, 202a..ffff],
  "exact": true,
}
`;

exports[`getConsumedChars /a{20}|b{20}|[^]{20}/ 1`] = `
Object {
  "chars": CharSet (65535) [0..ffff],
  "exact": true,
}
`;

exports[`getConsumedChars /a{20}c|b{20}a|[^]{19}b/ 1`] = `
Object {
  "chars": CharSet (65535) [0..ffff],
  "exact": true,
}
`;

exports[`getConsumedChars /a{20}c|b{20}a|[^]{19}b\\b/ 1`] = `
Object {
  "chars": CharSet (65535) [0..ffff],
  "exact": false,
}
`;

exports[`getConsumedChars /a{20}c|b{20}a|[^]{20}b/ 1`] = `
Object {
  "chars": CharSet (65535) [0..ffff],
  "exact": true,
}
`;

exports[`getConsumedChars /a|aa|aaa|b|bb|bbb/ 1`] = `
Object {
  "chars": CharSet (65535) [61..62],
  "exact": true,
}
`;

exports[`getConsumedChars /a|b|c|d/ 1`] = `
Object {
  "chars": CharSet (65535) [61..64],
  "exact": true,
}
`;

exports[`getConsumedChars /a|b|c|d|[a-c]/ 1`] = `
Object {
  "chars": CharSet (65535) [61..64],
  "exact": true,
}
`;

exports[`getConsumedChars /aa\\d+|ba\\d+/ 1`] = `
Object {
  "chars": CharSet (65535) [30..39, 61..62],
  "exact": true,
}
`;

exports[`getConsumedChars /aaaaaaaaaaaaaaaaaaaa|bbbbbbbbbbbbbbbbbbbb|[^][^][^][^][^][^][^][^][^][^][^][^][^][^][^][^][^][^][^][^]/ 1`] = `
Object {
  "chars": CharSet (65535) [0..ffff],
  "exact": true,
}
`;

exports[`getConsumedChars /ab|bc|ca/ 1`] = `
Object {
  "chars": CharSet (65535) [61..63],
  "exact": true,
}
`;

exports[`getConsumedChars /abc|\\p{Basic_Emoji}/v 1`] = `
Object {
  "chars": CharSet (1114111) [61..63, a9, ae, 203c, 2049, 2122, 2139, 2194..2199, 21a9..21aa, 231a..231b, 2328, 23cf, 23e9..23f3, 23f8..23fa, 24c2, 25aa..25ab, 25b6, 25c0, 25fb..25fe, 2600..2604, 260e, 2611, 2614..2615, 2618, 261d, 2620, 2622..2623, 2626, 262a, 262e..262f, 2638..263a, 2640, 2642, 2648..2653, 265f..2660, 2663, 2665..2666, 2668, 267b, 267e..267f, 2692..2697, 2699, 269b..269c, 26a0..26a1, 26a7, 26aa..26ab, 26b0..26b1, 26bd..26be, 26c4..26c5, 26c8, 26ce..26cf, 26d1, 26d3..26d4, 26e9..26ea, 26f0..26f5, 26f7..26fa, 26fd, 2702, 2705, 2708..270d, 270f, 2712, 2714, 2716, 271d, 2721, 2728, 2733..2734, 2744, 2747, 274c, 274e, 2753..2755, 2757, 2763..2764, 2795..2797, 27a1, 27b0, 27bf, 2934..2935, 2b05..2b07, 2b1b..2b1c, 2b50, 2b55, 3030, 303d, 3297, 3299, fe0f, 1f004, 1f0cf, 1f170..1f171, 1f17e..1f17f, 1f18e, 1f191..1f19a, 1f201..1f202, 1f21a, 1f22f, 1f232..1f23a, 1f250..1f251, 1f300..1f321, 1f324..1f393, 1f396..1f397, 1f399..1f39b, 1f39e..1f3f0, 1f3f3..1f3f5, 1f3f7..1f4fd, 1f4ff..1f53d, 1f549..1f54e, 1f550..1f567, 1f56f..1f570, 1f573..1f57a, 1f587, 1f58a..1f58d, 1f590, 1f595..1f596, 1f5a4..1f5a5, 1f5a8, 1f5b1..1f5b2, 1f5bc, 1f5c2..1f5c4, 1f5d1..1f5d3, 1f5dc..1f5de, 1f5e1, 1f5e3, 1f5e8, 1f5ef, 1f5f3, 1f5fa..1f64f, 1f680..1f6c5, 1f6cb..1f6d2, 1f6d5..1f6d7, 1f6dc..1f6e5, 1f6e9, 1f6eb..1f6ec, 1f6f0, 1f6f3..1f6fc, 1f7e0..1f7eb, 1f7f0, 1f90c..1f93a, 1f93c..1f945, 1f947..1f9ff, 1fa70..1fa7c, 1fa80..1fa88, 1fa90..1fabd, 1fabf..1fac5, 1face..1fadb, 1fae0..1fae8, 1faf0..1faf8],
  "exact": true,
}
`;

exports[`getConsumedChars /abc|a/ 1`] = `
Object {
  "chars": CharSet (65535) [61..63],
  "exact": true,
}
`;

exports[`getConsumedChars /abc|a\\b/ 1`] = `
Object {
  "chars": CharSet (65535) [61..63],
  "exact": false,
}
`;

exports[`getConsumedChars /anchor_1_x|anchor_1_y|anchor_2_x|anchor_2_y|reaction_force_x|reaction_force_y|reaction_torque|motor_speed|angle\\b|motor_torque|max_motor_torque|translation|speed|motor_force|max_motor_force|length_1|length_2|damping_ratio|frequency|lower_angle_limit|upper_angle_limit|angle_limits|max_length|max_torque|max_force/ 1`] = `
Object {
  "chars": CharSet (65535) [31..32, 5f, 61, 63..69, 6c..75, 77..79],
  "exact": false,
}
`;

exports[`getConsumedChars /anchor_1_x|anchor_1_y|anchor_2_x|anchor_2_y|reaction_force_x|reaction_force_y|reaction_torque|motor_speed|angle|motor_torque|max_motor_torque|translation|speed|motor_force|max_motor_force|length_1|length_2|damping_ratio|frequency|lower_angle_limit|upper_angle_limit|angle_limits|max_length|max_torque|max_force/ 1`] = `
Object {
  "chars": CharSet (65535) [31..32, 5f, 61, 63..69, 6c..75, 77..79],
  "exact": true,
}
`;

exports[`getConsumedChars /b+(?:\\w+|[+-]?\\d+)/ 1`] = `
Object {
  "chars": CharSet (65535) [2b, 2d, 30..39, 41..5a, 5f, 61..7a],
  "exact": true,
}
`;

exports[`getConsumedChars /c+|[a-f]/ 1`] = `
Object {
  "chars": CharSet (65535) [61..66],
  "exact": true,
}
`;

exports[`getConsumedChars /device_ios_(?:ipad|ipad_retina|iphone|iphone5|iphone6|iphone6plus|iphone_retina|unknown)\\b/ 1`] = `
Object {
  "chars": CharSet (65535) [35..36, 5f, 61, 63..65, 68..69, 6b..6c, 6e..70, 72..77],
  "exact": false,
}
`;

exports[`getConsumedChars /foo|[\\q{bar}]/v 1`] = `
Object {
  "chars": CharSet (1114111) [61..62, 66, 6f, 72],
  "exact": true,
}
`;

exports[`getConsumedChars /foo|bar/ 1`] = `
Object {
  "chars": CharSet (65535) [61..62, 66, 6f, 72],
  "exact": true,
}
`;

exports[`getConsumedChars /int|integer/ 1`] = `
Object {
  "chars": CharSet (65535) [65, 67, 69, 6e, 72, 74],
  "exact": true,
}
`;
